2026-05-06 19:58:03.425 | INFO     | app.main:<module>:27 - Starting Source Separation API
2026-05-06 19:58:24.606 | INFO     | app.main:<module>:27 - Starting Source Separation API
2026-05-06 19:58:43.694 | INFO     | app.main:<module>:27 - Starting Source Separation API
2026-05-06 19:58:43.763 | INFO     | app.main:startup_event:109 - API starting up...
2026-05-06 19:58:43.763 | INFO     | app.main:startup_event:110 - Device: cpu
2026-05-06 19:58:43.763 | INFO     | app.main:startup_event:111 - Model: htdemucs_ft
2026-05-06 19:59:23.638 | INFO     | app.main:<module>:27 - Starting Source Separation API
2026-05-06 19:59:23.679 | INFO     | app.main:startup_event:109 - API starting up...
2026-05-06 19:59:23.679 | INFO     | app.main:startup_event:110 - Device: cpu
2026-05-06 19:59:23.682 | INFO     | app.main:startup_event:111 - Model: htdemucs_ft
2026-05-06 20:49:25.988 | INFO     | app.main:<module>:27 - Starting Source Separation API
2026-05-06 20:50:10.322 | INFO     | app.main:<module>:28 - Starting Source Separation API
2026-05-06 21:02:14.390 | INFO     | app.separator:__init__:91 - SourceSeparator: model=htdemucs_ft, device=cpu
2026-05-06 21:02:19.971 | INFO     | app.separator:_separation_worker:34 - [Worker] Loading model: htdemucs_ft
2026-05-06 21:12:52.475 | INFO     | app.separator:__init__:91 - SourceSeparator: model=htdemucs, device=cpu
2026-05-06 21:12:57.856 | INFO     | app.separator:_separation_worker:34 - [Worker] Loading model: htdemucs
2026-05-06 21:15:13.242 | INFO     | app.separator:__init__:103 - SourceSeparator: model=htdemucs, device=cpu
2026-05-06 21:15:18.063 | INFO     | app.separator:_separation_worker:51 - [Worker] Loading model: htdemucs
2026-05-06 21:15:18.591 | INFO     | app.separator:_separation_worker:62 - [Worker] Loaded: torch.Size([2, 4322304]), sr=44100
2026-05-06 21:15:45.499 | INFO     | app.separator:__init__:104 - SourceSeparator: model=htdemucs, device=cpu
2026-05-06 21:15:50.129 | INFO     | app.separator:_separation_worker:51 - [Worker] Loading model: htdemucs
2026-05-06 21:15:50.646 | INFO     | app.separator:_separation_worker:62 - [Worker] Loaded: torch.Size([2, 4322304]), sr=44100
2026-05-06 21:19:57.292 | INFO     | app.separator:__init__:106 - SourceSeparator: model=htdemucs_ft, device=cpu
2026-05-06 21:20:03.767 | INFO     | app.separator:_separation_worker:50 - [Worker] Loading model: htdemucs_ft
2026-05-06 21:29:57.302 | WARNING  | app.separator:separate_with_timeout:171 - Timeout after 600s, terminating process
2026-05-06 21:30:25.753 | INFO     | app.separator:__init__:106 - SourceSeparator: model=htdemucs, device=cpu
2026-05-06 21:30:30.597 | INFO     | app.separator:_separation_worker:50 - [Worker] Loading model: htdemucs
2026-05-06 21:30:31.088 | INFO     | app.separator:_separation_worker:61 - [Worker] Loaded: torch.Size([2, 4322304]), sr=44100
2026-05-06 21:47:53.201 | INFO     | app.separator:_separation_worker:50 - [Worker] Loading model: htdemucs_ft
2026-05-06 21:57:19.092 | INFO     | app.separator:__init__:106 - SourceSeparator: model=htdemucs, device=cpu
2026-05-06 21:57:25.486 | INFO     | app.separator:__init__:106 - SourceSeparator: model=htdemucs, device=cpu
2026-05-06 21:57:25.550 | INFO     | app.separator:__init__:106 - SourceSeparator: model=htdemucs, device=cpu
2026-05-06 21:57:25.552 | INFO     | app.separator:__init__:106 - SourceSeparator: model=htdemucs, device=cpu
2026-05-06 21:57:25.555 | INFO     | app.separator:__init__:106 - SourceSeparator: model=htdemucs, device=cpu
2026-05-06 21:57:25.558 | INFO     | app.separator:__init__:106 - SourceSeparator: model=htdemucs, device=cpu
2026-05-06 21:57:25.830 | INFO     | app.separator:_separation_worker:50 - [Worker] Loading model: htdemucs
2026-05-06 21:57:26.462 | INFO     | app.separator:_separation_worker:61 - [Worker] Loaded: torch.Size([2, 8843231]), sr=44100
2026-05-06 21:59:28.413 | INFO     | app.separator:__init__:106 - SourceSeparator: model=htdemucs, device=cpu
2026-05-06 21:59:33.988 | INFO     | app.separator:__init__:106 - SourceSeparator: model=htdemucs, device=cpu
2026-05-06 21:59:33.997 | INFO     | app.separator:__init__:106 - SourceSeparator: model=htdemucs, device=cpu
2026-05-06 21:59:33.999 | INFO     | app.separator:__init__:106 - SourceSeparator: model=htdemucs, device=cpu
2026-05-06 21:59:34.001 | INFO     | app.separator:__init__:106 - SourceSeparator: model=htdemucs, device=cpu
2026-05-06 21:59:34.002 | INFO     | app.separator:__init__:106 - SourceSeparator: model=htdemucs, device=cpu
2026-05-06 21:59:34.302 | INFO     | app.separator:_separation_worker:50 - [Worker] Loading model: htdemucs
2026-05-06 21:59:35.020 | INFO     | app.separator:_separation_worker:61 - [Worker] Loaded: torch.Size([2, 9265664]), sr=44100
2026-05-06 22:01:35.349 | INFO     | app.separator:__init__:106 - SourceSeparator: model=htdemucs, device=cpu
2026-05-06 22:01:40.828 | INFO     | app.separator:__init__:106 - SourceSeparator: model=htdemucs, device=cpu
2026-05-06 22:01:40.834 | INFO     | app.separator:__init__:106 - SourceSeparator: model=htdemucs, device=cpu
2026-05-06 22:01:40.837 | INFO     | app.separator:__init__:106 - SourceSeparator: model=htdemucs, device=cpu
2026-05-06 22:01:40.840 | INFO     | app.separator:__init__:106 - SourceSeparator: model=htdemucs, device=cpu
2026-05-06 22:01:40.842 | INFO     | app.separator:__init__:106 - SourceSeparator: model=htdemucs, device=cpu
2026-05-06 22:01:41.101 | INFO     | app.separator:_separation_worker:50 - [Worker] Loading model: htdemucs
2026-05-06 22:01:41.698 | INFO     | app.separator:_separation_worker:61 - [Worker] Loaded: torch.Size([2, 7920084]), sr=44100
2026-05-06 22:03:27.463 | INFO     | app.separator:__init__:106 - SourceSeparator: model=htdemucs, device=cpu
2026-05-06 22:03:32.796 | INFO     | app.separator:__init__:106 - SourceSeparator: model=htdemucs, device=cpu
2026-05-06 22:03:32.802 | INFO     | app.separator:__init__:106 - SourceSeparator: model=htdemucs, device=cpu
2026-05-06 22:03:32.806 | INFO     | app.separator:__init__:106 - SourceSeparator: model=htdemucs, device=cpu
2026-05-06 22:03:32.809 | INFO     | app.separator:__init__:106 - SourceSeparator: model=htdemucs, device=cpu
2026-05-06 22:03:32.811 | INFO     | app.separator:__init__:106 - SourceSeparator: model=htdemucs, device=cpu
2026-05-06 22:03:33.082 | INFO     | app.separator:_separation_worker:50 - [Worker] Loading model: htdemucs
2026-05-06 22:03:33.674 | INFO     | app.separator:_separation_worker:61 - [Worker] Loaded: torch.Size([2, 9675225]), sr=44100
2026-05-06 22:05:55.305 | INFO     | app.separator:__init__:106 - SourceSeparator: model=htdemucs, device=cpu
2026-05-06 22:06:04.310 | INFO     | app.separator:__init__:106 - SourceSeparator: model=htdemucs, device=cpu
2026-05-06 22:06:04.331 | INFO     | app.separator:__init__:106 - SourceSeparator: model=htdemucs, device=cpu
2026-05-06 22:06:04.339 | INFO     | app.separator:__init__:106 - SourceSeparator: model=htdemucs, device=cpu
2026-05-06 22:06:04.347 | INFO     | app.separator:__init__:106 - SourceSeparator: model=htdemucs, device=cpu
2026-05-06 22:06:04.355 | INFO     | app.separator:__init__:106 - SourceSeparator: model=htdemucs, device=cpu
2026-05-06 22:06:04.979 | INFO     | app.separator:_separation_worker:50 - [Worker] Loading model: htdemucs
2026-05-06 22:06:06.328 | INFO     | app.separator:_separation_worker:61 - [Worker] Loaded: torch.Size([2, 11241562]), sr=44100
